Archive member included because of file (symbol)

c:/program files (x86)/atmel/atmel toolchain/avr8 gcc/native/3.4.1061/avr8-gnu-toolchain/bin/../lib/gcc/avr/4.8.1/../../../../avr/lib/avr51\libm.a(acos.o)
                              scan.o (acos)
c:/program files (x86)/atmel/atmel toolchain/avr8 gcc/native/3.4.1061/avr8-gnu-toolchain/bin/../lib/gcc/avr/4.8.1/../../../../avr/lib/avr51\libm.a(addsf3.o)
                              scan.o (__subsf3)
c:/program files (x86)/atmel/atmel toolchain/avr8 gcc/native/3.4.1061/avr8-gnu-toolchain/bin/../lib/gcc/avr/4.8.1/../../../../avr/lib/avr51\libm.a(addsf3x.o)
                              c:/program files (x86)/atmel/atmel toolchain/avr8 gcc/native/3.4.1061/avr8-gnu-toolchain/bin/../lib/gcc/avr/4.8.1/../../../../avr/lib/avr51\libm.a(acos.o) (__addsf3x)
c:/program files (x86)/atmel/atmel toolchain/avr8 gcc/native/3.4.1061/avr8-gnu-toolchain/bin/../lib/gcc/avr/4.8.1/../../../../avr/lib/avr51\libm.a(cos.o)
                              FinalProj.o (cos)
c:/program files (x86)/atmel/atmel toolchain/avr8 gcc/native/3.4.1061/avr8-gnu-toolchain/bin/../lib/gcc/avr/4.8.1/../../../../avr/lib/avr51\libm.a(divsf3.o)
                              FinalProj.o (__divsf3)
c:/program files (x86)/atmel/atmel toolchain/avr8 gcc/native/3.4.1061/avr8-gnu-toolchain/bin/../lib/gcc/avr/4.8.1/../../../../avr/lib/avr51\libm.a(divsf3x.o)
                              c:/program files (x86)/atmel/atmel toolchain/avr8 gcc/native/3.4.1061/avr8-gnu-toolchain/bin/../lib/gcc/avr/4.8.1/../../../../avr/lib/avr51\libm.a(divsf3.o) (__divsf3x)
c:/program files (x86)/atmel/atmel toolchain/avr8 gcc/native/3.4.1061/avr8-gnu-toolchain/bin/../lib/gcc/avr/4.8.1/../../../../avr/lib/avr51\libm.a(fixsfsi.o)
                              FinalProj.o (__fixsfsi)
c:/program files (x86)/atmel/atmel toolchain/avr8 gcc/native/3.4.1061/avr8-gnu-toolchain/bin/../lib/gcc/avr/4.8.1/../../../../avr/lib/avr51\libm.a(fixunssfsi.o)
                              c:/program files (x86)/atmel/atmel toolchain/avr8 gcc/native/3.4.1061/avr8-gnu-toolchain/bin/../lib/gcc/avr/4.8.1/../../../../avr/lib/avr51\libm.a(fixsfsi.o) (__fixunssfsi)
c:/program files (x86)/atmel/atmel toolchain/avr8 gcc/native/3.4.1061/avr8-gnu-toolchain/bin/../lib/gcc/avr/4.8.1/../../../../avr/lib/avr51\libm.a(floatsisf.o)
                              FinalProj.o (__floatsisf)
c:/program files (x86)/atmel/atmel toolchain/avr8 gcc/native/3.4.1061/avr8-gnu-toolchain/bin/../lib/gcc/avr/4.8.1/../../../../avr/lib/avr51\libm.a(fp_arccos.o)
                              c:/program files (x86)/atmel/atmel toolchain/avr8 gcc/native/3.4.1061/avr8-gnu-toolchain/bin/../lib/gcc/avr/4.8.1/../../../../avr/lib/avr51\libm.a(acos.o) (__fp_arccos)
c:/program files (x86)/atmel/atmel toolchain/avr8 gcc/native/3.4.1061/avr8-gnu-toolchain/bin/../lib/gcc/avr/4.8.1/../../../../avr/lib/avr51\libm.a(fp_inf.o)
                              c:/program files (x86)/atmel/atmel toolchain/avr8 gcc/native/3.4.1061/avr8-gnu-toolchain/bin/../lib/gcc/avr/4.8.1/../../../../avr/lib/avr51\libm.a(addsf3x.o) (__fp_inf)
c:/program files (x86)/atmel/atmel toolchain/avr8 gcc/native/3.4.1061/avr8-gnu-toolchain/bin/../lib/gcc/avr/4.8.1/../../../../avr/lib/avr51\libm.a(fp_nan.o)
                              c:/program files (x86)/atmel/atmel toolchain/avr8 gcc/native/3.4.1061/avr8-gnu-toolchain/bin/../lib/gcc/avr/4.8.1/../../../../avr/lib/avr51\libm.a(addsf3x.o) (__fp_nan)
c:/program files (x86)/atmel/atmel toolchain/avr8 gcc/native/3.4.1061/avr8-gnu-toolchain/bin/../lib/gcc/avr/4.8.1/../../../../avr/lib/avr51\libm.a(fp_powser.o)
                              c:/program files (x86)/atmel/atmel toolchain/avr8 gcc/native/3.4.1061/avr8-gnu-toolchain/bin/../lib/gcc/avr/4.8.1/../../../../avr/lib/avr51\libm.a(fp_arccos.o) (__fp_powser)
c:/program files (x86)/atmel/atmel toolchain/avr8 gcc/native/3.4.1061/avr8-gnu-toolchain/bin/../lib/gcc/avr/4.8.1/../../../../avr/lib/avr51\libm.a(fp_pscA.o)
                              c:/program files (x86)/atmel/atmel toolchain/avr8 gcc/native/3.4.1061/avr8-gnu-toolchain/bin/../lib/gcc/avr/4.8.1/../../../../avr/lib/avr51\libm.a(addsf3x.o) (__fp_pscA)
c:/program files (x86)/atmel/atmel toolchain/avr8 gcc/native/3.4.1061/avr8-gnu-toolchain/bin/../lib/gcc/avr/4.8.1/../../../../avr/lib/avr51\libm.a(fp_pscB.o)
                              c:/program files (x86)/atmel/atmel toolchain/avr8 gcc/native/3.4.1061/avr8-gnu-toolchain/bin/../lib/gcc/avr/4.8.1/../../../../avr/lib/avr51\libm.a(addsf3x.o) (__fp_pscB)
c:/program files (x86)/atmel/atmel toolchain/avr8 gcc/native/3.4.1061/avr8-gnu-toolchain/bin/../lib/gcc/avr/4.8.1/../../../../avr/lib/avr51\libm.a(fp_rempio2.o)
                              c:/program files (x86)/atmel/atmel toolchain/avr8 gcc/native/3.4.1061/avr8-gnu-toolchain/bin/../lib/gcc/avr/4.8.1/../../../../avr/lib/avr51\libm.a(cos.o) (__fp_rempio2)
[...]
Memory Configuration

Name             Origin             Length             Attributes
text             0x00000000         0x00020000         xr
data             0x00800100         0x0000ff00         rw !x
eeprom           0x00810000         0x00010000         rw !x
fuse             0x00820000         0x00000400         rw !x
lock             0x00830000         0x00000400         rw !x
signature        0x00840000         0x00000400         rw !x
user_signatures  0x00850000         0x00000400         rw !x
*default*        0x00000000         0xffffffff

Linker script and memory map

Address of section .data set to 0x800100
LOAD c:/program files (x86)/atmel/atmel toolchain/avr8 gcc/native/3.4.1061/avr8-gnu-toolchain/bin/../lib/gcc/avr/4.8.1/../../../../avr/lib/avr51/crtm128.o
LOAD bluetooth.o
LOAD FinalProj.o
LOAD sound.o
LOAD io.o
LOAD lib/lcd.o
LOAD lib/open_interface.o
LOAD lib/util.o
LOAD movement.o
LOAD scan.o
LOAD ui.o
START GROUP
LOAD c:/program files (x86)/atmel/atmel toolchain/avr8 gcc/native/3.4.1061/avr8-gnu-toolchain/bin/../lib/gcc/avr/4.8.1/../../../../avr/lib/avr51\libm.a
END GROUP
START GROUP
LOAD c:/program files (x86)/atmel/atmel toolchain/avr8 gcc/native/3.4.1061/avr8-gnu-toolchain/bin/../lib/gcc/avr/4.8.1/avr51\libgcc.a
LOAD c:/program files (x86)/atmel/atmel toolchain/avr8 gcc/native/3.4.1061/avr8-gnu-toolchain/bin/../lib/gcc/avr/4.8.1/../../../../avr/lib/avr51\libm.a
LOAD c:/program files (x86)/atmel/atmel toolchain/avr8 gcc/native/3.4.1061/avr8-gnu-toolchain/bin/../lib/gcc/avr/4.8.1/../../../../avr/lib/avr51\libc.a
END GROUP

.hash
 *(.hash)

.dynsym
 *(.dynsym)

.dynstr
 *(.dynstr)

.gnu.version
 *(.gnu.version)

.gnu.version_d
 *(.gnu.version_d)

.gnu.version_r
 *(.gnu.version_r)

.rel.init
 *(.rel.init)

.rela.init
 *(.rela.init)

.rel.text
 *(.rel.text)
 *(.rel.text.*)
 *(.rel.gnu.linkonce.t*)

.rela.text
 *(.rela.text)
 *(.rela.text.*)
 *(.rela.gnu.linkonce.t*)

.rel.fini
 *(.rel.fini)

.rela.fini
 *(.rela.fini)

.rel.rodata
 *(.rel.rodata)
 *(.rel.rodata.*)
 *(.rel.gnu.linkonce.r*)

.rela.rodata
 *(.rela.rodata)
 *(.rela.rodata.*)
 *(.rela.gnu.linkonce.r*)

.rel.data
 *(.rel.data)
 *(.rel.data.*)
 *(.rel.gnu.linkonce.d*)

.rela.data
 *(.rela.data)
 *(.rela.data.*)
 *(.rela.gnu.linkonce.d*)

.rel.ctors
 *(.rel.ctors)

.rela.ctors
 *(.rela.ctors)

.rel.dtors
 *(.rel.dtors)

.rela.dtors
 *(.rela.dtors)

.rel.got
 *(.rel.got)

.rela.got
 *(.rela.got)

.rel.bss
 *(.rel.bss)

.rela.bss
 *(.rela.bss)

.rel.plt
 *(.rel.plt)

.rela.plt
 *(.rela.plt)

.text           0x00000000     0x353a
 *(.vectors)
 .vectors       0x00000000       0x8c c:/program files (x86)/atmel/atmel toolchain/avr8 gcc/native/3.4.1061/avr8-gnu-toolchain/bin/../lib/gcc/avr/4.8.1/../../../../avr/lib/avr51/crtm128.o
                0x00000000                __vector_default
                0x00000000                __vectors
 *(.vectors)
 *(.progmem.gcc*)
 .progmem.gcc_sw_table.ui_control
                0x0000008c       0x24 FinalProj.o
 .progmem.gcc_sw_table.main_menu
                0x000000b0       0x26 ui.o
 .progmem.gcc_fplib
                0x000000d6       0x28 c:/program files (x86)/atmel/atmel toolchain/avr8 gcc/native/3.4.1061/avr8-gnu-toolchain/bin/../lib/gcc/avr/4.8.1/../../../../avr/lib/avr51\libm.a(fp_arccos.o)
 .progmem.gcc_fplib
                0x000000fe       0x1e c:/program files (x86)/atmel/atmel toolchain/avr8 gcc/native/3.4.1061/avr8-gnu-toolchain/bin/../lib/gcc/avr/4.8.1/../../../../avr/lib/avr51\libm.a(fp_sinus.o)
 .progmem.gcc_fplib
                0x0000011c       0x28 c:/program files (x86)/atmel/atmel toolchain/avr8 gcc/native/3.4.1061/avr8-gnu-toolchain/bin/../lib/gcc/avr/4.8.1/../../../../avr/lib/avr51\libm.a(exp.o)
 .progmem.gcc_fplib
                0x00000144       0x5a c:/program files (x86)/atmel/atmel toolchain/avr8 gcc/native/3.4.1061/avr8-gnu-toolchain/bin/../lib/gcc/avr/4.8.1/../../../../avr/lib/avr51\libm.a(log.o)
                0x0000019e                . = ALIGN (0x2)
                0x0000019e                __trampolines_start = .
 *(.trampolines)
 .trampolines   0x0000019e        0x0 linker stubs
 *(.trampolines*)
                0x0000019e                __trampolines_end = .
 *(.progmem*)
                0x0000019e                . = ALIGN (0x2)
 *(.jumptables)
 *(.jumptables*)
 *(.lowtext)
 *(.lowtext*)
                0x0000019e                __ctors_start = .
 *(.ctors)
                0x0000019e                __ctors_end = .
                0x0000019e                __dtors_start = .
 *(.dtors)
                0x0000019e                __dtors_end = .
 SORT(*)(.ctors)
 SORT(*)(.dtors)
 *(.init0)
 .init0         0x0000019e        0x0 c:/program files (x86)/atmel/atmel toolchain/avr8 gcc/native/3.4.1061/avr8-gnu-toolchain/bin/../lib/gcc/avr/4.8.1/../../../../avr/lib/avr51/crtm128.o
                0x0000019e                __init
 *(.init0)
 *(.init1)
 *(.init1)
 *(.init2)
 .init2         0x0000019e        0xc c:/program files (x86)/atmel/atmel toolchain/avr8 gcc/native/3.4.1061/avr8-gnu-toolchain/bin/../lib/gcc/avr/4.8.1/../../../../avr/lib/avr51/crtm128.o
 *(.init2)
 *(.init3)
 *(.init3)
 *(.init4)
 .init4         0x000001aa       0x1a c:/program files (x86)/atmel/atmel toolchain/avr8 gcc/native/3.4.1061/avr8-gnu-toolchain/bin/../lib/gcc/avr/4.8.1/avr51\libgcc.a(_copy_data.o)
                0x000001aa                __do_copy_data
 .init4         0x000001c4       0x10 c:/program files (x86)/atmel/atmel toolchain/avr8 gcc/native/3.4.1061/avr8-gnu-toolchain/bin/../lib/gcc/avr/4.8.1/avr51\libgcc.a(_clear_bss.o)
                0x000001c4                __do_clear_bss
 *(.init4)
 *(.init5)
 *(.init5)
 *(.init6)
 *(.init6)
 *(.init7)
 *(.init7)
 *(.init8)
 *(.init8)
 *(.init9)
 .init9         0x000001d4        0x6 c:/program files (x86)/atmel/atmel toolchain/avr8 gcc/native/3.4.1061/avr8-gnu-toolchain/bin/../lib/gcc/avr/4.8.1/../../../../avr/lib/avr51/crtm128.o
 *(.init9)
 *(.text)
 .text          0x000001da        0x2 c:/program files (x86)/atmel/atmel toolchain/avr8 gcc/native/3.4.1061/avr8-gnu-toolchain/bin/../lib/gcc/avr/4.8.1/../../../../avr/lib/avr51/crtm128.o
                0x000001da                __vector_22
                0x000001da                __vector_28
                0x000001da                __vector_1
                0x000001da                __vector_32
                0x000001da                __vector_34
                0x000001da                __vector_24
                0x000001da                __vector_12
                0x000001da                __bad_interrupt
                0x000001da                __vector_6
                0x000001da                __vector_31
                0x000001da                __vector_3
                0x000001da                __vector_23
                0x000001da                __vector_30
                0x000001da                __vector_25
                0x000001da                __vector_11
                0x000001da                __vector_13
                0x000001da                __vector_17
                0x000001da                __vector_19
                0x000001da                __vector_7
                0x000001da                __vector_27
                0x000001da                __vector_5
                0x000001da                __vector_33
                0x000001da                __vector_4
                0x000001da                __vector_2
                0x000001da                __vector_21
                0x000001da                __vector_15
                0x000001da                __vector_29
                0x000001da                __vector_8
                0x000001da                __vector_26
                0x000001da                __vector_14
                0x000001da                __vector_10
                0x000001da                __vector_16
                0x000001dc                . = ALIGN (0x2)
 *(.text.*)
 .text.send_msg
                0x000001dc       0x46 bluetooth.o
                0x000001dc                send_msg
 .text.read_line
                0x00000222       0x58 bluetooth.o
                0x00000222                read_line
 .text.__vector_18
                0x0000027a       0xce bluetooth.o
                0x0000027a                __vector_18
 .text.__vector_20
                0x00000348       0x60 bluetooth.o
                0x00000348                __vector_20
 .text.find_goal
                0x000003a8      0x212 FinalProj.o
                0x000003a8                find_goal
 .text.evasive_action
                0x000005ba       0x30 FinalProj.o
                0x000005ba                evasive_action
 .text.path_blocked_w_data
                0x000005ea      0x1be FinalProj.o
                0x000005ea                path_blocked_w_data
 .text.autonomous
                0x000007a8      0x39a FinalProj.o
                0x000007a8                autonomous
 .text.ui_control
                0x00000b42      0x11a FinalProj.o
                0x00000b42                ui_control
 .text.main     0x00000c5c      0x11e FinalProj.o
                0x00000c5c                main
 .text.songs    0x00000d7a       0x5a sound.o
                0x00000d7a                songs
 .text.init_UART
                0x00000dd4       0x1a io.o
                0x00000dd4                init_UART
 .text.init_iRobot
                0x00000dee       0x12 io.o
                0x00000dee                init_iRobot
 .text.init_servo
                0x00000e00       0x22 io.o
                0x00000e00                init_servo
 .text.init_ir  0x00000e22        0xa io.o
                0x00000e22                init_ir
 .text.lcd_toggle_clear
                0x00000e2c       0x10 lib/lcd.o
                0x00000e2c                lcd_toggle_clear
 .text.lcd_command
                0x00000e3c       0x28 lib/lcd.o
                0x00000e3c                lcd_command
 .text.lcd_clear
                0x00000e64        0xc lib/lcd.o
                0x00000e64                lcd_clear
 .text.lcd_home_line1
                0x00000e70        0x6 lib/lcd.o
                0x00000e70                lcd_home_line1
 .text.lcd_init
                0x00000e76       0x6c lib/lcd.o
                0x00000e76                lcd_init
 .text.lcd_home_line2
                0x00000ee2        0x6 lib/lcd.o
                0x00000ee2                lcd_home_line2
 .text.lcd_home_line3
                0x00000ee8        0x6 lib/lcd.o
                0x00000ee8                lcd_home_line3
 .text.lcd_home_line4
                0x00000eee        0x6 lib/lcd.o
                0x00000eee                lcd_home_line4
 .text.lcd_putc
                0x00000ef4       0x24 lib/lcd.o
                0x00000ef4                lcd_putc
 .text.lprintf  0x00000f18       0xf4 lib/lcd.o
                0x00000f18                lprintf
 .text.oi_alloc
                0x0000100c        0xe lib/open_interface.o
                0x0000100c                oi_alloc
 .text.oi_byte_tx
                0x0000101a       0x10 lib/open_interface.o
                0x0000101a                oi_byte_tx
 .text.oi_set_leds
                0x0000102a       0x38 lib/open_interface.o
                0x0000102a                oi_set_leds
 .text.oi_set_wheels
                0x00001062       0x2e lib/open_interface.o
                0x00001062                oi_set_wheels
 .text.oi_load_song
                0x00001090       0x62 lib/open_interface.o
                0x00001090                oi_load_song
 .text.oi_play_song
                0x000010f2       0x10 lib/open_interface.o
                0x000010f2                oi_play_song
 .text.oi_byte_rx
                0x00001102       0x10 lib/open_interface.o
                0x00001102                oi_byte_rx
 .text.oi_update
                0x00001112      0x176 lib/open_interface.o
                0x00001112                oi_update
 .text.oi_init  0x00001288       0x58 lib/open_interface.o
                0x00001288                oi_init
 .text.timer2_start
                0x000012e0       0x2a lib/util.o
                0x000012e0                timer2_start
 .text.timer2_stop
                0x0000130a        0xe lib/util.o
                0x0000130a                timer2_stop
 .text.wait_ms  0x00001318       0x2c lib/util.o
                0x00001318                wait_ms
 .text.__vector_9
                0x00001344       0x2e lib/util.o
                0x00001344                __vector_9
 .text.rotate_deg
                0x00001372       0x7a movement.o
                0x00001372                rotate_deg
 .text.read_cliff_signals
                0x000013ec      0x2a8 movement.o
                0x000013ec                read_cliff_signals
 .text.move_result
                0x00001694      0x102 movement.o
                0x00001694                move_result
 .text.read_bumps
                0x00001796       0x46 movement.o
                0x00001796                read_bumps
 .text.read_cliffs
                0x000017dc       0x88 movement.o
                0x000017dc                read_cliffs
 .text.side_angle_side
                0x00001864       0x84 scan.o
                0x00001864                side_angle_side
 .text.side_angle_side2
                0x000018e8       0xc4 scan.o
                0x000018e8                side_angle_side2
 .text.side_side_side
                0x000019ac       0x7c scan.o
                0x000019ac                side_side_side
 .text.set_servo_OCR
                0x00001a28       0x10 scan.o
                0x00001a28                set_servo_OCR
 .text.calc_servo_OCR_ticks
                0x00001a38       0x24 scan.o
                0x00001a38                calc_servo_OCR_ticks
 .text.set_servo_pos
                0x00001a5c       0x12 scan.o
                0x00001a5c                set_servo_pos
 .text.ADC_read
                0x00001a6e        0xc scan.o
                0x00001a6e                ADC_read
 .text.ir_ADC_to_cm
                0x00001a7a      0x174 scan.o
                0x00001a7a                ir_ADC_to_cm
 .text.ir_distance_cm
                0x00001bee        0x6 scan.o
                0x00001bee                ir_distance_cm
 .text.dist_at_angle
                0x00001bf4        0x6 scan.o
                0x00001bf4                dist_at_angle
 .text.do_scan  0x00001bfa      0x17e scan.o
                0x00001bfa                do_scan
 .text.main_menu
                0x00001d78       0xa4 ui.o
                0x00001d78                main_menu
 .text.show_objects
                0x00001e1c      0x15a ui.o
                0x00001e1c                show_objects
 .text.show_sensors
                0x00001f76      0x1ba ui.o
                0x00001f76                show_sensors
 .text.move_menu
                0x00002130      0x106 ui.o
                0x00002130                move_menu
 .text.avr-libc.fplib
                0x00002236       0x1c c:/program files (x86)/atmel/atmel toolchain/avr8 gcc/native/3.4.1061/avr8-gnu-toolchain/bin/../lib/gcc/avr/4.8.1/../../../../avr/lib/avr51\libm.a(acos.o)
                0x00002236                acos
 .text.avr-libc.fplib
                0x00002252        0xa c:/program files (x86)/atmel/atmel toolchain/avr8 gcc/native/3.4.1061/avr8-gnu-toolchain/bin/../lib/gcc/avr/4.8.1/../../../../avr/lib/avr51\libm.a(addsf3.o)
                0x00002252                __subsf3
                0x00002254                __addsf3
 .text.avr-libc.fplib
                0x0000225c       0xc0 c:/program files (x86)/atmel/atmel toolchain/avr8 gcc/native/3.4.1061/avr8-gnu-toolchain/bin/../lib/gcc/avr/4.8.1/../../../../avr/lib/avr51\libm.a(addsf3x.o)
                0x00002276                __addsf3x
 .text.avr-libc.fplib
                0x0000231c        0x6 c:/program files (x86)/atmel/atmel toolchain/avr8 gcc/native/3.4.1061/avr8-gnu-toolchain/bin/../lib/gcc/avr/4.8.1/../../../../avr/lib/avr51\libm.a(cos.o)
                0x0000231c                cos
 .text.avr-libc.fplib
                0x00002322        0x4 c:/program files (x86)/atmel/atmel toolchain/avr8 gcc/native/3.4.1061/avr8-gnu-toolchain/bin/../lib/gcc/avr/4.8.1/../../../../avr/lib/avr51\libm.a(divsf3.o)
                0x00002322                __divsf3
 .text.avr-libc.fplib
                0x00002326       0xcc c:/program files (x86)/atmel/atmel toolchain/avr8 gcc/native/3.4.1061/avr8-gnu-toolchain/bin/../lib/gcc/avr/4.8.1/../../../../avr/lib/avr51\libm.a(divsf3x.o)
                0x0000233c                __divsf3x
                0x00002340                __divsf3_pse
 .text.avr-libc.fplib
                0x000023f2        0xa c:/program files (x86)/atmel/atmel toolchain/avr8 gcc/native/3.4.1061/avr8-gnu-toolchain/bin/../lib/gcc/avr/4.8.1/../../../../avr/lib/avr51\libm.a(fixsfsi.o)
                0x000023f2                __fixsfsi
 .text.avr-libc.fplib
                0x000023fc       0x58 c:/program files (x86)/atmel/atmel toolchain/avr8 gcc/native/3.4.1061/avr8-gnu-toolchain/bin/../lib/gcc/avr/4.8.1/../../../../avr/lib/avr51\libm.a(fixunssfsi.o)
                0x000023fc                __fixunssfsi
 .text.avr-libc.fplib
                0x00002454       0x7a c:/program files (x86)/atmel/atmel toolchain/avr8 gcc/native/3.4.1061/avr8-gnu-toolchain/bin/../lib/gcc/avr/4.8.1/../../../../avr/lib/avr51\libm.a(floatsisf.o)
                0x00002454                __floatunsisf
                0x00002458                __floatsisf
 .text.avr-libc.fplib
                0x000024ce       0x36 c:/program files (x86)/atmel/atmel toolchain/avr8 gcc/native/3.4.1061/avr8-gnu-toolchain/bin/../lib/gcc/avr/4.8.1/../../../../avr/lib/avr51\libm.a(fp_arccos.o)
                0x000024ce                __fp_arccos
 .text.avr-libc.fplib
                0x00002504        0xc c:/program files (x86)/atmel/atmel toolchain/avr8 gcc/native/3.4.1061/avr8-gnu-toolchain/bin/../lib/gcc/avr/4.8.1/../../../../avr/lib/avr51\libm.a(fp_inf.o)
                0x00002504                __fp_inf
 .text.avr-libc.fplib
                0x00002510        0x6 c:/program files (x86)/atmel/atmel toolchain/avr8 gcc/native/3.4.1061/avr8-gnu-toolchain/bin/../lib/gcc/avr/4.8.1/../../../../avr/lib/avr51\libm.a(fp_nan.o)
                0x00002510                __fp_nan
 .text.avr-libc.fplib
                0x00002516       0x4a c:/program files (x86)/atmel/atmel toolchain/avr8 gcc/native/3.4.1061/avr8-gnu-toolchain/bin/../lib/gcc/avr/4.8.1/../../../../avr/lib/avr51\libm.a(fp_powser.o)
                0x00002516                __fp_powser
 .text.avr-libc.fplib
                0x00002560        0xe c:/program files (x86)/atmel/atmel toolchain/avr8 gcc/native/3.4.1061/avr8-gnu-toolchain/bin/../lib/gcc/avr/4.8.1/../../../../avr/lib/avr51\libm.a(fp_pscA.o)
                0x00002560                __fp_pscA
 .text.avr-libc.fplib
                0x0000256e        0xe c:/program files (x86)/atmel/atmel toolchain/avr8 gcc/native/3.4.1061/avr8-gnu-toolchain/bin/../lib/gcc/avr/4.8.1/../../../../avr/lib/avr51\libm.a(fp_pscB.o)
                0x0000256e                __fp_pscB
 .text.avr-libc.fplib
                0x0000257c       0x50 c:/program files (x86)/atmel/atmel toolchain/avr8 gcc/native/3.4.1061/avr8-gnu-toolchain/bin/../lib/gcc/avr/4.8.1/../../../../avr/lib/avr51\libm.a(fp_rempio2.o)
                0x0000257e                __fp_rempio2
 .text.avr-libc.fplib
                0x000025cc       0x22 c:/program files (x86)/atmel/atmel toolchain/avr8 gcc/native/3.4.1061/avr8-gnu-toolchain/bin/../lib/gcc/avr/4.8.1/../../../../avr/lib/avr51\libm.a(fp_round.o)
                0x000025cc                __fp_round
 .text.avr-libc.fplib
                0x000025ee       0x22 c:/program files (x86)/atmel/atmel toolchain/avr8 gcc/native/3.4.1061/avr8-gnu-toolchain/bin/../lib/gcc/avr/4.8.1/../../../../avr/lib/avr51\libm.a(fp_sinus.o)
                0x000025ee                __fp_sinus
 .text.avr-libc.fplib
                0x00002610       0x44 c:/program files (x86)/atmel/atmel toolchain/avr8 gcc/native/3.4.1061/avr8-gnu-toolchain/bin/../lib/gcc/avr/4.8.1/../../../../avr/lib/avr51\libm.a(fp_split3.o)
                0x00002610                __fp_split3
                0x00002620                __fp_splitA
 .text.avr-libc.fplib
                0x00002654        0xe c:/program files (x86)/atmel/atmel toolchain/avr8 gcc/native/3.4.1061/avr8-gnu-toolchain/bin/../lib/gcc/avr/4.8.1/../../../../avr/lib/avr51\libm.a(fp_zero.o)
                0x00002654                __fp_zero
                0x00002656                __fp_szero
 .text.avr-libc.fplib
                0x00002662        0x4 c:/program files (x86)/atmel/atmel toolchain/avr8 gcc/native/3.4.1061/avr8-gnu-toolchain/bin/../lib/gcc/avr/4.8.1/../../../../avr/lib/avr51\libm.a(mulsf3.o)
                0x00002662                __mulsf3
 .text.avr-libc.fplib
                0x00002666       0xc2 c:/program files (x86)/atmel/atmel toolchain/avr8 gcc/native/3.4.1061/avr8-gnu-toolchain/bin/../lib/gcc/avr/4.8.1/../../../../avr/lib/avr51\libm.a(mulsf3x.o)
                0x0000267a                __mulsf3x
                0x0000267e                __mulsf3_pse
 .text.avr-libc.fplib
                0x00002728       0x98 c:/program files (x86)/atmel/atmel toolchain/avr8 gcc/native/3.4.1061/avr8-gnu-toolchain/bin/../lib/gcc/avr/4.8.1/../../../../avr/lib/avr51\libm.a(pow.o)
                0x00002728                pow
 .text.avr-libc.fplib
                0x000027c0        0xc c:/program files (x86)/atmel/atmel toolchain/avr8 gcc/native/3.4.1061/avr8-gnu-toolchain/bin/../lib/gcc/avr/4.8.1/../../../../avr/lib/avr51\libm.a(sin.o)
                0x000027c0                sin
 .text.avr-libc.fplib
                0x000027cc       0x84 c:/program files (x86)/atmel/atmel toolchain/avr8 gcc/native/3.4.1061/avr8-gnu-toolchain/bin/../lib/gcc/avr/4.8.1/../../../../avr/lib/avr51\libm.a(sqrt.o)
                0x000027d4                sqrt
 .text.avr-libc.fplib
                0x00002850       0x62 c:/program files (x86)/atmel/atmel toolchain/avr8 gcc/native/3.4.1061/avr8-gnu-toolchain/bin/../lib/gcc/avr/4.8.1/../../../../avr/lib/avr51\libm.a(exp.o)
                0x0000285a                exp
 .text.avr-libc.fplib
                0x000028b2       0x1c c:/program files (x86)/atmel/atmel toolchain/avr8 gcc/native/3.4.1061/avr8-gnu-toolchain/bin/../lib/gcc/avr/4.8.1/../../../../avr/lib/avr51\libm.a(fp_mpack.o)
                0x000028b2                __fp_mpack
                0x000028b6                __fp_mpack_finite
 .text.avr-libc.fplib
                0x000028ce        0xe c:/program files (x86)/atmel/atmel toolchain/avr8 gcc/native/3.4.1061/avr8-gnu-toolchain/bin/../lib/gcc/avr/4.8.1/../../../../avr/lib/avr51\libm.a(fp_norm2.o)
                0x000028ce                __fp_norm2
 .text.avr-libc.fplib
                0x000028dc       0x22 c:/program files (x86)/atmel/atmel toolchain/avr8 gcc/native/3.4.1061/avr8-gnu-toolchain/bin/../lib/gcc/avr/4.8.1/../../../../avr/lib/avr51\libm.a(fp_powsodd.o)
                0x000028dc                __fp_powsodd
 .text.avr-libc.fplib
                0x000028fe        0xe c:/program files (x86)/atmel/atmel toolchain/avr8 gcc/native/3.4.1061/avr8-gnu-toolchain/bin/../lib/gcc/avr/4.8.1/../../../../avr/lib/avr51\libm.a(inverse.o)
                0x000028fe                inverse
 .text.avr-libc.fplib
                0x0000290c       0x6c c:/program files (x86)/atmel/atmel toolchain/avr8 gcc/native/3.4.1061/avr8-gnu-toolchain/bin/../lib/gcc/avr/4.8.1/../../../../avr/lib/avr51\libm.a(ldexp.o)
                0x00002910                ldexp
 .text.avr-libc.fplib
                0x00002978       0x8a c:/program files (x86)/atmel/atmel toolchain/avr8 gcc/native/3.4.1061/avr8-gnu-toolchain/bin/../lib/gcc/avr/4.8.1/../../../../avr/lib/avr51\libm.a(log.o)
                0x00002982                log
 .text.avr-libc.fplib
                0x00002a02       0x66 c:/program files (x86)/atmel/atmel toolchain/avr8 gcc/native/3.4.1061/avr8-gnu-toolchain/bin/../lib/gcc/avr/4.8.1/../../../../avr/lib/avr51\libm.a(modf.o)
                0x00002a02                modf
                0x00002a02                modff
 .text.libgcc.div
                0x00002a68       0x26 c:/program files (x86)/atmel/atmel toolchain/avr8 gcc/native/3.4.1061/avr8-gnu-toolchain/bin/../lib/gcc/avr/4.8.1/avr51\libgcc.a(_divmodhi4.o)
                0x00002a68                _div
                0x00002a68                __divmodhi4
 .text.libgcc   0x00002a8e        0xc c:/program files (x86)/atmel/atmel toolchain/avr8 gcc/native/3.4.1061/avr8-gnu-toolchain/bin/../lib/gcc/avr/4.8.1/avr51\libgcc.a(_tablejump.o)
                0x00002a8e                __tablejump2__
                0x00002a92                __tablejump__
 .text.libgcc.mul
                0x00002a9a       0x1e c:/program files (x86)/atmel/atmel toolchain/avr8 gcc/native/3.4.1061/avr8-gnu-toolchain/bin/../lib/gcc/avr/4.8.1/avr51\libgcc.a(_umulhisi3.o)
                0x00002a9a                __umulhisi3
 .text.libgcc.div
                0x00002ab8       0x28 c:/program files (x86)/atmel/atmel toolchain/avr8 gcc/native/3.4.1061/avr8-gnu-toolchain/bin/../lib/gcc/avr/4.8.1/avr51\libgcc.a(_udivmodhi4.o)
                0x00002ab8                __udivmodhi4
 .text.avr-libc
                0x00002ae0       0x34 c:/program files (x86)/atmel/atmel toolchain/avr8 gcc/native/3.4.1061/avr8-gnu-toolchain/bin/../lib/gcc/avr/4.8.1/../../../../avr/lib/avr51\libc.a(calloc.o)
                0x00002ae0                calloc
 .text.avr-libc
                0x00002b14      0x24e c:/program files (x86)/atmel/atmel toolchain/avr8 gcc/native/3.4.1061/avr8-gnu-toolchain/bin/../lib/gcc/avr/4.8.1/../../../../avr/lib/avr51\libc.a(malloc.o)
                0x00002b14                malloc
                0x00002c44                free
 .text.avr-libc
                0x00002d62       0xae c:/program files (x86)/atmel/atmel toolchain/avr8 gcc/native/3.4.1061/avr8-gnu-toolchain/bin/../lib/gcc/avr/4.8.1/../../../../avr/lib/avr51\libc.a(rand.o)
                0x00002df2                rand_r
                0x00002df4                rand
                0x00002dfa                srand
 .text.avr-libc
                0x00002e10       0x3a c:/program files (x86)/atmel/atmel toolchain/avr8 gcc/native/3.4.1061/avr8-gnu-toolchain/bin/../lib/gcc/avr/4.8.1/../../../../avr/lib/avr51\libc.a(atoi.o)
                0x00002e10                atoi
 .text.avr-libc
                0x00002e4a        0xe c:/program files (x86)/atmel/atmel toolchain/avr8 gcc/native/3.4.1061/avr8-gnu-toolchain/bin/../lib/gcc/avr/4.8.1/../../../../avr/lib/avr51\libc.a(memset.o)
                0x00002e4a                memset
 .text.avr-libc
                0x00002e58       0x12 c:/program files (x86)/atmel/atmel toolchain/avr8 gcc/native/3.4.1061/avr8-gnu-toolchain/bin/../lib/gcc/avr/4.8.1/../../../../avr/lib/avr51\libc.a(strcmp.o)
                0x00002e58                strcmp
 .text.avr-libc
                0x00002e6a        0xe c:/program files (x86)/atmel/atmel toolchain/avr8 gcc/native/3.4.1061/avr8-gnu-toolchain/bin/../lib/gcc/avr/4.8.1/../../../../avr/lib/avr51\libc.a(strcpy.o)
                0x00002e6a                strcpy
 .text.avr-libc
                0x00002e78       0x1e c:/program files (x86)/atmel/atmel toolchain/avr8 gcc/native/3.4.1061/avr8-gnu-toolchain/bin/../lib/gcc/avr/4.8.1/../../../../avr/lib/avr51\libc.a(strncpy.o)
                0x00002e78                strncpy
 .text.avr-libc
                0x00002e96       0x10 c:/program files (x86)/atmel/atmel toolchain/avr8 gcc/native/3.4.1061/avr8-gnu-toolchain/bin/../lib/gcc/avr/4.8.1/../../../../avr/lib/avr51\libc.a(mul10.o)
                0x00002e96                __mulhi_const_10
 .text.avr-libc
                0x00002ea6       0x5c c:/program files (x86)/atmel/atmel toolchain/avr8 gcc/native/3.4.1061/avr8-gnu-toolchain/bin/../lib/gcc/avr/4.8.1/../../../../avr/lib/avr51\libc.a(sprintf.o)
                0x00002ea6                sprintf
 .text.avr-libc
                0x00002f02       0x70 c:/program files (x86)/atmel/atmel toolchain/avr8 gcc/native/3.4.1061/avr8-gnu-toolchain/bin/../lib/gcc/avr/4.8.1/../../../../avr/lib/avr51\libc.a(vsnprintf.o)
                0x00002f02                vsnprintf
 .text.avr-libc
                0x00002f72      0x3dc c:/program files (x86)/atmel/atmel toolchain/avr8 gcc/native/3.4.1061/avr8-gnu-toolchain/bin/../lib/gcc/avr/4.8.1/../../../../avr/lib/avr51\libc.a(vfprintf_std.o)
                0x00002f72                vfprintf
 .text.avr-libc
                0x0000334e       0x16 c:/program files (x86)/atmel/atmel toolchain/avr8 gcc/native/3.4.1061/avr8-gnu-toolchain/bin/../lib/gcc/avr/4.8.1/../../../../avr/lib/avr51\libc.a(strnlen_P.o)
                0x0000334e                strnlen_P
 .text.avr-libc
                0x00003364       0x16 c:/program files (x86)/atmel/atmel toolchain/avr8 gcc/native/3.4.1061/avr8-gnu-toolchain/bin/../lib/gcc/avr/4.8.1/../../../../avr/lib/avr51\libc.a(strnlen.o)
                0x00003364                strnlen
 .text.avr-libc
                0x0000337a       0x64 c:/program files (x86)/atmel/atmel toolchain/avr8 gcc/native/3.4.1061/avr8-gnu-toolchain/bin/../lib/gcc/avr/4.8.1/../../../../avr/lib/avr51\libc.a(fputc.o)
                0x0000337a                fputc
 .text.avr-libc
                0x000033de       0xbc c:/program files (x86)/atmel/atmel toolchain/avr8 gcc/native/3.4.1061/avr8-gnu-toolchain/bin/../lib/gcc/avr/4.8.1/../../../../avr/lib/avr51\libc.a(ultoa_invert.o)
                0x000033de                __ultoa_invert
 .text.libgcc.div
                0x0000349a       0x28 c:/program files (x86)/atmel/atmel toolchain/avr8 gcc/native/3.4.1061/avr8-gnu-toolchain/bin/../lib/gcc/avr/4.8.1/avr51\libgcc.a(_divmodsi4.o)
                0x0000349a                __divmodsi4
 .text.libgcc.div
                0x000034c2       0x10 c:/program files (x86)/atmel/atmel toolchain/avr8 gcc/native/3.4.1061/avr8-gnu-toolchain/bin/../lib/gcc/avr/4.8.1/avr51\libgcc.a(_negsi2.o)
                0x000034c2                __negsi2
 .text.libgcc.mul
                0x000034d2       0x14 c:/program files (x86)/atmel/atmel toolchain/avr8 gcc/native/3.4.1061/avr8-gnu-toolchain/bin/../lib/gcc/avr/4.8.1/avr51\libgcc.a(_muluhisi3.o)
                0x000034d2                __muluhisi3
 .text.libgcc.mul
                0x000034e6        0xc c:/program files (x86)/atmel/atmel toolchain/avr8 gcc/native/3.4.1061/avr8-gnu-toolchain/bin/../lib/gcc/avr/4.8.1/avr51\libgcc.a(_mulshisi3.o)
                0x000034e6                __mulshisi3
                0x000034ea                __mulohisi3
 .text.libgcc.div
                0x000034f2       0x44 c:/program files (x86)/atmel/atmel toolchain/avr8 gcc/native/3.4.1061/avr8-gnu-toolchain/bin/../lib/gcc/avr/4.8.1/avr51\libgcc.a(_udivmodsi4.o)
                0x000034f2                __udivmodsi4
                0x00003536                . = ALIGN (0x2)
 *(.fini9)
 .fini9         0x00003536        0x0 c:/program files (x86)/atmel/atmel toolchain/avr8 gcc/native/3.4.1061/avr8-gnu-toolchain/bin/../lib/gcc/avr/4.8.1/avr51\libgcc.a(_exit.o)
                0x00003536                _exit
                0x00003536                exit
 *(.fini9)
 *(.fini8)
 *(.fini8)
 *(.fini7)
 *(.fini7)
 *(.fini6)
 *(.fini6)
 *(.fini5)
 *(.fini5)
 *(.fini4)
 *(.fini4)
 *(.fini3)
 *(.fini3)
 *(.fini2)
 *(.fini2)
 *(.fini1)
 *(.fini1)
 *(.fini0)
 .fini0         0x00003536        0x4 c:/program files (x86)/atmel/atmel toolchain/avr8 gcc/native/3.4.1061/avr8-gnu-toolchain/bin/../lib/gcc/avr/4.8.1/avr51\libgcc.a(_exit.o)
 *(.fini0)
                0x0000353a                _etext = .

.data           0x00800100      0x6aa load address 0x0000353a
                0x00800100                PROVIDE (__data_start, .)
 *(.data)
 .data          0x00800100        0x6 c:/program files (x86)/atmel/atmel toolchain/avr8 gcc/native/3.4.1061/avr8-gnu-toolchain/bin/../lib/gcc/avr/4.8.1/../../../../avr/lib/avr51\libc.a(malloc.o)
                0x00800100                __malloc_heap_end
                0x00800102                __malloc_heap_start
                0x00800104                __malloc_margin
 .data          0x00800106        0x4 c:/program files (x86)/atmel/atmel toolchain/avr8 gcc/native/3.4.1061/avr8-gnu-toolchain/bin/../lib/gcc/avr/4.8.1/../../../../avr/lib/avr51\libc.a(rand.o)
 *(.data*)
 .data.in_ptr   0x0080010a        0x2 bluetooth.o
 .data.out_buffer_empty
                0x0080010c        0x2 bluetooth.o
 .data.out_ptr  0x0080010e        0x2 bluetooth.o
 .data.rickrollDurations
                0x00800110        0xb sound.o
 .data.rickrollNotes
                0x0080011b        0xb sound.o
 .data.marioDuration
                0x00800126       0x31 sound.o
 .data.marioNotes
                0x00800157       0x31 sound.o
 .data.StarwarsDurations
                0x00800188       0x13 sound.o
 .data.StarwarsNotes
                0x0080019b       0x13 sound.o
 .data.stop_reason_descrip
                0x008001ae        0xc movement.o
                0x008001ae                stop_reason_descrip
 *(.rodata)
 *(.rodata*)
 .rodata.str1.1
                0x008001ba        0x2 bluetooth.o
 .rodata.str1.1
                0x008001bc      0x357 FinalProj.o
 .rodata.str1.1
                0x00800513       0x42 movement.o
 .rodata.str1.1
                0x00800555      0x255 ui.o
                                0x258 (size before relaxing)
 *(.gnu.linkonce.d*)
                0x008007aa                . = ALIGN (0x2)
                0x008007aa                _edata = .
                0x008007aa                PROVIDE (__data_end, .)

.bss            0x008007aa      0x176
                0x008007aa                PROVIDE (__bss_start, .)
 *(.bss)
 *(.bss*)
 .bss.in_buffer_ready
                0x008007aa        0x2 bluetooth.o
 .bss.in_buffer
                0x008007ac        0xa bluetooth.o
 .bss.out_buffer
                0x008007b6       0x64 bluetooth.o
 .bss.rred.2114
                0x0080081a        0x1 FinalProj.o
 .bss.lastbuffer.1968
                0x0080081b       0x51 lib/lcd.o
 .bss.i.1944    0x0080086c        0x2 movement.o
 .bss.last_fright_signal.1952
                0x0080086e        0xa movement.o
 .bss.last_right_signal.1953
                0x00800878        0xa movement.o
 .bss.last_fleft_signal.1951
                0x00800882        0xa movement.o
 .bss.last_left_signal.1950
                0x0080088c        0xa movement.o
 .bss.initialized.1945
                0x00800896        0x1 movement.o
 .bss.average_left_signal.1946
                0x00800897        0x2 movement.o
 .bss.average_fleft_signal.1948
                0x00800899        0x2 movement.o
 .bss.average_right_signal.1947
                0x0080089b        0x2 movement.o
 .bss.average_fright_signal.1949
                0x0080089d        0x2 movement.o
 .bss.scanner   0x0080089f       0x78 scan.o
 .bss.in_program_ui
                0x00800917        0x1 ui.o
                0x00800917                in_program_ui
 *(COMMON)
 COMMON         0x00800918        0x2 FinalProj.o
                0x00800918                sensor_data
 COMMON         0x0080091a        0x2 lib/util.o
                0x0080091a                timer2_tick
 COMMON         0x0080091c        0x4 c:/program files (x86)/atmel/atmel toolchain/avr8 gcc/native/3.4.1061/avr8-gnu-toolchain/bin/../lib/gcc/avr/4.8.1/../../../../avr/lib/avr51\libc.a(malloc.o)
                0x0080091c                __brkval
                0x0080091e                __flp
                0x00800920                PROVIDE (__bss_end, .)
                0x0000353a                __data_load_start = LOADADDR (.data)
                0x00003be4                __data_load_end = (__data_load_start + SIZEOF (.data))

.noinit         0x00800920        0x0
                0x00800920                PROVIDE (__noinit_start, .)
 *(.noinit*)
                0x00800920                PROVIDE (__noinit_end, .)
                0x00800920                _end = .
                0x00800920                PROVIDE (__heap_start, .)

.eeprom         0x00810000        0x0
 *(.eeprom*)
                0x00810000                __eeprom_end = .

.fuse
 *(.fuse)
 *(.lfuse)
 *(.hfuse)
 *(.efuse)

.lock
 *(.lock*)

.signature
 *(.signature*)

.user_signatures
 *(.user_signatures*)

.stab
 *(.stab)

.stabstr
 *(.stabstr)

.stab.excl
 *(.stab.excl)

.stab.exclstr
 *(.stab.exclstr)

.stab.index
 *(.stab.index)

.stab.indexstr
 *(.stab.indexstr)

.comment        0x00000000       0x5c
 *(.comment)
 .comment       0x00000000       0x30 bluetooth.o
                                 0x31 (size before relaxing)
 .comment       0x00000000       0x31 FinalProj.o
 .comment       0x00000000       0x31 sound.o
 .comment       0x00000000       0x31 io.o
 .comment       0x00000000       0x31 lib/lcd.o
 .comment       0x00000000       0x31 lib/open_interface.o
 .comment       0x00000000       0x31 lib/util.o
 .comment       0x00000000       0x31 movement.o
 .comment       0x00000000       0x31 scan.o
 .comment       0x00000000       0x31 ui.o
 .comment       0x00000000       0x31 c:/program files (x86)/atmel/atmel toolchain/avr8 gcc/native/3.4.1061/avr8-gnu-toolchain/bin/../lib/gcc/avr/4.8.1/../../../../avr/lib/avr51\libc.a(calloc.o)
 .comment       0x00000000       0x31 c:/program files (x86)/atmel/atmel toolchain/avr8 gcc/native/3.4.1061/avr8-gnu-toolchain/bin/../lib/gcc/avr/4.8.1/../../../../avr/lib/avr51\libc.a(malloc.o)
 .comment       0x00000000       0x31 c:/program files (x86)/atmel/atmel toolchain/avr8 gcc/native/3.4.1061/avr8-gnu-toolchain/bin/../lib/gcc/avr/4.8.1/../../../../avr/lib/avr51\libc.a(rand.o)
 .comment       0x00000000       0x31 c:/program files (x86)/atmel/atmel toolchain/avr8 gcc/native/3.4.1061/avr8-gnu-toolchain/bin/../lib/gcc/avr/4.8.1/../../../../avr/lib/avr51\libc.a(sprintf.o)
 .comment       0x00000000       0x31 c:/program files (x86)/atmel/atmel toolchain/avr8 gcc/native/3.4.1061/avr8-gnu-toolchain/bin/../lib/gcc/avr/4.8.1/../../../../avr/lib/avr51\libc.a(vsnprintf.o)
 .comment       0x00000030       0x2c c:/program files (x86)/atmel/atmel toolchain/avr8 gcc/native/3.4.1061/avr8-gnu-toolchain/bin/../lib/gcc/avr/4.8.1/../../../../avr/lib/avr51\libc.a(vfprintf_std.o)
                                 0x2d (size before relaxing)
 .comment       0x00000000       0x31 c:/program files (x86)/atmel/atmel toolchain/avr8 gcc/native/3.4.1061/avr8-gnu-toolchain/bin/../lib/gcc/avr/4.8.1/../../../../avr/lib/avr51\libc.a(fputc.o)

.note.gnu.build-id
 *(.note.gnu.build-id)

.debug
 *(.debug)

.line
 *(.line)

.debug_srcinfo
 *(.debug_srcinfo)

.debug_sfnames
 *(.debug_sfnames)

.debug_aranges  0x00000000      0x2f0
 *(.debug_aranges)
 .debug_aranges
                0x00000000       0x40 bluetooth.o
 .debug_aranges
                0x00000040       0x48 FinalProj.o
 .debug_aranges
                0x00000088       0x20 sound.o
 .debug_aranges
                0x000000a8       0x38 io.o
 .debug_aranges
                0x000000e0       0x80 lib/lcd.o
 .debug_aranges
                0x00000160       0x70 lib/open_interface.o
 .debug_aranges
                0x000001d0       0x38 lib/util.o
 .debug_aranges
                0x00000208       0x40 movement.o
 .debug_aranges
                0x00000248       0x70 scan.o
 .debug_aranges
                0x000002b8       0x38 ui.o

.debug_pubnames
 *(.debug_pubnames)

.debug_info     0x00000000     0x487c
 *(.debug_info .gnu.linkonce.wi.*)
 .debug_info    0x00000000      0x314 bluetooth.o
 .debug_info    0x00000314     0x123f FinalProj.o
 .debug_info    0x00001553      0x2a2 sound.o
 .debug_info    0x000017f5      0x472 io.o
 .debug_info    0x00001c67      0x611 lib/lcd.o
 .debug_info    0x00002278      0x8a0 lib/open_interface.o
 .debug_info    0x00002b18      0x12b lib/util.o
 .debug_info    0x00002c43      0xa86 movement.o
 .debug_info    0x000036c9      0x5da scan.o
 .debug_info    0x00003ca3      0xbd9 ui.o

.debug_abbrev   0x00000000     0x103b
 *(.debug_abbrev)
 .debug_abbrev  0x00000000      0x1b1 bluetooth.o
 .debug_abbrev  0x000001b1      0x2a7 FinalProj.o
 .debug_abbrev  0x00000458       0xf4 sound.o
 .debug_abbrev  0x0000054c      0x138 io.o
 .debug_abbrev  0x00000684      0x196 lib/lcd.o
 .debug_abbrev  0x0000081a      0x190 lib/open_interface.o
 .debug_abbrev  0x000009aa       0xeb lib/util.o
 .debug_abbrev  0x00000a95      0x1a3 movement.o
 .debug_abbrev  0x00000c38      0x220 scan.o
 .debug_abbrev  0x00000e58      0x1e3 ui.o

.debug_line     0x00000000     0x2b1e
 *(.debug_line .debug_line.* .debug_line_end)
 .debug_line    0x00000000      0x39e bluetooth.o
 .debug_line    0x0000039e      0x749 FinalProj.o
 .debug_line    0x00000ae7      0x25c sound.o
 .debug_line    0x00000d43      0x2e8 io.o
 .debug_line    0x0000102b      0x504 lib/lcd.o
 .debug_line    0x0000152f      0x504 lib/open_interface.o
 .debug_line    0x00001a33      0x2b8 lib/util.o
 .debug_line    0x00001ceb      0x53c movement.o
 .debug_line    0x00002227      0x485 scan.o
 .debug_line    0x000026ac      0x472 ui.o

.debug_frame    0x00000000      0xa10
 *(.debug_frame)
 .debug_frame   0x00000000       0xe0 bluetooth.o
 .debug_frame   0x000000e0      0x184 FinalProj.o
 .debug_frame   0x00000264       0x24 sound.o
 .debug_frame   0x00000288       0x60 io.o
 .debug_frame   0x000002e8      0x144 lib/lcd.o
 .debug_frame   0x0000042c      0x15c lib/open_interface.o
 .debug_frame   0x00000588       0x74 lib/util.o
 .debug_frame   0x000005fc      0x150 movement.o
 .debug_frame   0x0000074c      0x1c0 scan.o
 .debug_frame   0x0000090c      0x104 ui.o

.debug_str      0x00000000     0x8bed
 *(.debug_str)
 .debug_str     0x00000000     0x7514 bluetooth.o
                               0x75f3 (size before relaxing)
 .debug_str     0x00007514      0xfbf FinalProj.o
                               0x8427 (size before relaxing)
 .debug_str     0x000084d3       0xb0 sound.o
                               0x6f18 (size before relaxing)
 .debug_str     0x00008583       0xab io.o
                               0x7587 (size before relaxing)
 .debug_str     0x0000862e      0x26a lib/lcd.o
                               0x76f9 (size before relaxing)
 .debug_str     0x00008898       0xdd lib/open_interface.o
                               0x7641 (size before relaxing)
 .debug_str     0x00008975       0x4c lib/util.o
                               0x6dd9 (size before relaxing)
 .debug_str     0x000089c1      0x11f movement.o
                               0x7bba (size before relaxing)
 .debug_str     0x00008ae0       0xf5 scan.o
                               0x72cf (size before relaxing)
 .debug_str     0x00008bd5       0x18 ui.o
                               0x7bea (size before relaxing)

.debug_loc      0x00000000     0x2e8f
 *(.debug_loc)
 .debug_loc     0x00000000      0x25a bluetooth.o
 .debug_loc     0x0000025a      0x9c6 FinalProj.o
 .debug_loc     0x00000c20       0x53 sound.o
 .debug_loc     0x00000c73       0x67 io.o
 .debug_loc     0x00000cda      0x34d lib/lcd.o
 .debug_loc     0x00001027      0x533 lib/open_interface.o
 .debug_loc     0x0000155a       0xe8 lib/util.o
 .debug_loc     0x00001642      0x85f movement.o
 .debug_loc     0x00001ea1      0x8bc scan.o
 .debug_loc     0x0000275d      0x732 ui.o

.debug_macinfo
 *(.debug_macinfo)

.debug_weaknames
 *(.debug_weaknames)

.debug_funcnames
 *(.debug_funcnames)

.debug_typenames
 *(.debug_typenames)

.debug_varnames
 *(.debug_varnames)

.debug_pubtypes
 *(.debug_pubtypes)

.debug_ranges   0x00000000      0x2b8
 *(.debug_ranges)
 .debug_ranges  0x00000000       0x30 bluetooth.o
 .debug_ranges  0x00000030       0x88 FinalProj.o
 .debug_ranges  0x000000b8       0x10 sound.o
 .debug_ranges  0x000000c8       0x28 io.o
 .debug_ranges  0x000000f0       0x70 lib/lcd.o
 .debug_ranges  0x00000160       0x60 lib/open_interface.o
 .debug_ranges  0x000001c0       0x28 lib/util.o
 .debug_ranges  0x000001e8       0x30 movement.o
 .debug_ranges  0x00000218       0x78 scan.o
 .debug_ranges  0x00000290       0x28 ui.o

.debug_macro    0x00000000     0x3b03
 *(.debug_macro)
 .debug_macro   0x00000000       0xd6 bluetooth.o
 .debug_macro   0x000000d6      0xa48 bluetooth.o
 .debug_macro   0x00000b1e       0x10 bluetooth.o
 .debug_macro   0x00000b2e      0x1ad bluetooth.o
 .debug_macro   0x00000cdb      0x293 bluetooth.o
 .debug_macro   0x00000f6e       0x9e bluetooth.o
 .debug_macro   0x0000100c     0x149b bluetooth.o
 .debug_macro   0x000024a7      0x203 bluetooth.o
 .debug_macro   0x000026aa       0xcb bluetooth.o
 .debug_macro   0x00002775       0x34 bluetooth.o
 .debug_macro   0x000027a9       0x18 bluetooth.o
 .debug_macro   0x000027c1       0x6c bluetooth.o
 .debug_macro   0x0000282d       0x63 bluetooth.o
 .debug_macro   0x00002890       0x16 bluetooth.o
 .debug_macro   0x000028a6       0x97 bluetooth.o
 .debug_macro   0x0000293d       0x16 bluetooth.o
 .debug_macro   0x00002953      0x130 bluetooth.o
 .debug_macro   0x00002a83      0x122 FinalProj.o
 .debug_macro   0x00002ba5       0x69 FinalProj.o
 .debug_macro   0x00002c0e       0x1c FinalProj.o
 .debug_macro   0x00002c2a      0x10e FinalProj.o
 .debug_macro   0x00002d38       0x66 FinalProj.o
 .debug_macro   0x00002d9e       0x58 FinalProj.o
 .debug_macro   0x00002df6       0x10 FinalProj.o
 .debug_macro   0x00002e06       0x20 FinalProj.o
 .debug_macro   0x00002e26       0xeb FinalProj.o
 .debug_macro   0x00002f11      0x167 FinalProj.o
 .debug_macro   0x00003078       0x1c FinalProj.o
 .debug_macro   0x00003094       0x99 sound.o
 .debug_macro   0x0000312d       0x10 sound.o
 .debug_macro   0x0000313d       0xaa sound.o
 .debug_macro   0x000031e7      0x124 sound.o
 .debug_macro   0x0000330b       0xc0 io.o
 .debug_macro   0x000033cb       0x2e io.o
 .debug_macro   0x000033f9      0x13e lib/lcd.o
 .debug_macro   0x00003537       0xab lib/open_interface.o
 .debug_macro   0x000035e2       0x94 lib/util.o
 .debug_macro   0x00003676       0xe5 movement.o
 .debug_macro   0x0000375b       0xa7 scan.o
 .debug_macro   0x00003802      0x16d scan.o
 .debug_macro   0x0000396f       0xfd ui.o
 .debug_macro   0x00003a6c       0x97 ui.o
OUTPUT(FinalProj.elf elf32-avr)
LOAD linker stubs
